// Jest Snapshot v1, https://goo.gl/fbAQLP

exports[`App has a valid snapshot 1`] = `
<div
  className="App"
>
  <div
    className="NewTaskBar"
  >
    <form
      onSubmit={[Function]}
    >
      <input
        onChange={[Function]}
        placeholder="New task"
        type="text"
        value=""
      />
    </form>
  </div>
  <div
    className="TaskList"
  />
</div>
`;
